MPLINK 4.49, Linker
Linker Map File - Created Sun Mar 01 16:56:00 2026

                                 Section Info
                  Section       Type    Address   Location Size(Bytes)
                ---------  ---------  ---------  ---------  ---------
                   .org_0       code   0x000000    program   0x000000
                   .org_1       code   0x000000    program   0x00004e



                              Program Memory Usage 
                               Start         End      
                           ---------   ---------      
                            0x000000    0x000026      
            39 out of 8454 program addresses used, program memory utilization is 0%



                              Symbols - Sorted by Name
                     Name    Address   Location    Storage File                     
                ---------  ---------  ---------  --------- ---------                
                    CICLO   0x000005    program     static E:\repos\Practica2.asm   
                    DELAY   0x00001e    program     static E:\repos\Practica2.asm   
                   INICIO   0x000000    program     static E:\repos\Practica2.asm   
                    LOOP1   0x000020    program     static E:\repos\Practica2.asm   
                    LOOP2   0x000022    program     static E:\repos\Practica2.asm   



                              Symbols - Sorted by Address
                     Name    Address   Location    Storage File                     
                ---------  ---------  ---------  --------- ---------                
                   INICIO   0x000000    program     static E:\repos\Practica2.asm   
                    CICLO   0x000005    program     static E:\repos\Practica2.asm   
                    DELAY   0x00001e    program     static E:\repos\Practica2.asm   
                    LOOP1   0x000020    program     static E:\repos\Practica2.asm   
                    LOOP2   0x000022    program     static E:\repos\Practica2.asm   


