MPLINK 4.49, Linker
Linker Map File - Created Wed Mar 04 22:31:53 2026

                                 Section Info
                  Section       Type    Address   Location Size(Bytes)
                ---------  ---------  ---------  ---------  ---------
                   .org_0       code   0x000000    program   0x000000
                   .org_1       code   0x000000    program   0x000036
 .config_2007_PRACTICA2.O       code   0x002007    program   0x000002



                              Program Memory Usage 
                               Start         End      
                           ---------   ---------      
                            0x000000    0x00001a      
                            0x002007    0x002007      
            28 out of 8454 program addresses used, program memory utilization is 0%



                              Symbols - Sorted by Name
                     Name    Address   Location    Storage File                     
                ---------  ---------  ---------  --------- ---------                
                    DELAY   0x000012    program     static E:\repos\Practica2.asm   
                   DELAY1   0x000014    program     static E:\repos\Practica2.asm   
                   DELAY2   0x000016    program     static E:\repos\Practica2.asm   
                   INICIO   0x000001    program     static E:\repos\Practica2.asm   
                     LOOP   0x000005    program     static E:\repos\Practica2.asm   



                              Symbols - Sorted by Address
                     Name    Address   Location    Storage File                     
                ---------  ---------  ---------  --------- ---------                
                   INICIO   0x000001    program     static E:\repos\Practica2.asm   
                     LOOP   0x000005    program     static E:\repos\Practica2.asm   
                    DELAY   0x000012    program     static E:\repos\Practica2.asm   
                   DELAY1   0x000014    program     static E:\repos\Practica2.asm   
                   DELAY2   0x000016    program     static E:\repos\Practica2.asm   


